[2026-07-02 18:36:00] info: 	z2m: Logging to console, file (filename: log.log)
[2026-07-02 18:36:00] info: 	z2m: Starting Zigbee2MQTT version 2.12.1 (commit #aa909a8a62f76e2dd98ace3a172bca88ee56f5fe
)
[2026-07-02 18:36:00] info: 	z2m: Starting zigbee-herdsman (10.6.1)
[2026-07-02 18:36:00] info: 	zh:adapter:discovery: Matched adapter: {"path":"/dev/ttyUSB0","manufacturer":"Itead","serialNumber":"d0132071d478f0119fc8f0eba7772636","pnpId":"usb-Itead_Sonoff_Zigbee_3.0_USB_Dongle_Plus_V2_d0132071d478f0119fc8f0eba7772636-if00-port0","vendorId":"10c4","productId":"ea60"} => ember: 4
[2026-07-02 18:36:00] info: 	zh:ember: Using default stack config.
[2026-07-02 18:36:00] info: 	zh:ember: ======== Ember Adapter Starting ========
[2026-07-02 18:36:00] info: 	zh:ember:ezsp: ======== EZSP starting ========
[2026-07-02 18:36:00] info: 	zh:ember:uart:ash: ======== ASH Adapter reset ========
[2026-07-02 18:36:00] info: 	zh:ember:uart:ash: RTS/CTS config is off, enabling software flow control.
[2026-07-02 18:36:00] info: 	zh:ember:uart:ash: Serial port opened
[2026-07-02 18:36:00] info: 	zh:ember:uart:ash: ======== ASH starting ========
[2026-07-02 18:36:01] info: 	zh:ember:uart:ash: ======== ASH connected ========
[2026-07-02 18:36:01] info: 	zh:ember:uart:ash: ======== ASH started ========
[2026-07-02 18:36:01] info: 	zh:ember:ezsp: ======== EZSP started ========
[2026-07-02 18:36:01] info: 	zh:ember: Adapter EZSP protocol version (13) lower than Host. Switched.
[2026-07-02 18:36:01] info: 	zh:ember: Adapter version info: {"ezsp":13,"revision":"7.4.4 [GA]","build":0,"major":7,"minor":4,"patch":4,"special":0,"type":170}
[2026-07-02 18:36:01] info: 	zh:ember: [INIT TC] No valid backup found.
[2026-07-02 18:36:01] info: 	zh:ember: [INIT TC] Forming from config.
[2026-07-02 18:36:01] info: 	zh:ember: [INIT FORM] Forming new network with: {"panId":6754,"extendedPanId":[221,221,221,221,221,221,221,221],"radioTxPower":5,"radioChannel":11,"joinMethod":0,"nwkManagerId":0,"nwkUpdateId":0,"channels":134215680}
[2026-07-02 18:36:01] info: 	zh:ember: [STACK STATUS] Network up.
[2026-07-02 18:36:01] info: 	zh:ember: [INIT FORM] New network formed!
[2026-07-02 18:36:01] info: 	zh:ember: [CONCENTRATOR] Started source route discovery. 1248ms until next broadcast.
[2026-07-02 18:36:01] info: 	zh:controller: Wrote coordinator backup to '/app/data/coordinator_backup.json'
[2026-07-02 18:36:01] info: 	z2m: zigbee-herdsman started (reset)
[2026-07-02 18:36:01] info: 	z2m: Coordinator firmware version: '{"meta":{"build":0,"ezsp":13,"major":7,"minor":4,"patch":4,"revision":"7.4.4 [GA]","special":0,"type":170},"type":"EmberZNet"}'
[2026-07-02 18:36:01] info: 	z2m: Currently 0 devices are joined.
[2026-07-02 18:36:01] info: 	z2m: Connecting to MQTT server at mqtt://mosquitto:1883
[2026-07-02 18:36:02] info: 	z2m: Connected to MQTT server
[2026-07-02 18:36:02] info: 	z2m:mqtt: MQTT publish: topic 'zigbee2mqtt/bridge/state', payload '{"state":"online"}'
[2026-07-02 18:36:02] info: 	z2m: Started frontend on port 8080
[2026-07-02 18:36:02] info: 	z2m: Zigbee2MQTT started!
[2026-07-02 18:46:02] info: 	z2m:mqtt: MQTT publish: topic 'zigbee2mqtt/bridge/health', payload '{"response_time":1783010762029,"os":{"load_average":[0.08,0.02,0.01],"memory_used_mb":1930.54,"memory_percent":27.1096},"process":{"uptime_sec":602,"memory_used_mb":101.66,"memory_percent":1.4275},"mqtt":{"connected":true,"queued":0,"published":9,"received":0},"devices":{}}'
[2026-07-02 18:56:02] info: 	z2m:mqtt: MQTT publish: topic 'zigbee2mqtt/bridge/health', payload '{"response_time":1783011362030,"os":{"load_average":[0.01,0.03,0],"memory_used_mb":1805.7,"memory_percent":25.3565},"process":{"uptime_sec":1202,"memory_used_mb":101.91,"memory_percent":1.431},"mqtt":{"connected":true,"queued":0,"published":11,"received":0},"devices":{}}'
[2026-07-02 19:06:02] info: 	z2m:mqtt: MQTT publish: topic 'zigbee2mqtt/bridge/health', payload '{"response_time":1783011962031,"os":{"load_average":[0.03,0.09,0.07],"memory_used_mb":1837.8,"memory_percent":25.8073},"process":{"uptime_sec":1802,"memory_used_mb":102.03,"memory_percent":1.4327},"mqtt":{"connected":true,"queued":0,"published":13,"received":0},"devices":{}}'
[2026-07-02 19:16:02] info: 	z2m:mqtt: MQTT publish: topic 'zigbee2mqtt/bridge/health', payload '{"response_time":1783012562032,"os":{"load_average":[0.04,0.03,0.03],"memory_used_mb":1839.51,"memory_percent":25.8312},"process":{"uptime_sec":2402,"memory_used_mb":101.96,"memory_percent":1.4317},"mqtt":{"connected":true,"queued":0,"published":15,"received":0},"devices":{}}'
[2026-07-02 19:26:02] info: 	z2m:mqtt: MQTT publish: topic 'zigbee2mqtt/bridge/health', payload '{"response_time":1783013162033,"os":{"load_average":[0,0,0],"memory_used_mb":1803.81,"memory_percent":25.33},"process":{"uptime_sec":3002,"memory_used_mb":102.16,"memory_percent":1.4345},"mqtt":{"connected":true,"queued":0,"published":17,"received":0},"devices":{}}'
[2026-07-02 19:36:01] info: 	zh:ember: [NCP COUNTERS] 0,474,0,0,0,0,0,0,6,3,0,0,61,0,0,0,0,0,0,0,0,0,0,0,0,0,0,0,0,0,0,0,0,0,0,0,0,0,0,0,0,0
[2026-07-02 19:36:01] info: 	zh:ember: [ASH COUNTERS] 550,101,46,54,0,0,0,0,716,54,53,0,0,0,0,0,0,0,0,0,0,0,0,0,0,0,0
[2026-07-02 19:36:02] info: 	z2m:mqtt: MQTT publish: topic 'zigbee2mqtt/bridge/health', payload '{"response_time":1783013762034,"os":{"load_average":[0.01,0.01,0],"memory_used_mb":1819.47,"memory_percent":25.5499},"process":{"uptime_sec":3602,"memory_used_mb":102.4,"memory_percent":1.4379},"mqtt":{"connected":true,"queued":0,"published":21,"received":0},"devices":{}}'
[2026-07-02 19:46:02] info: 	z2m:mqtt: MQTT publish: topic 'zigbee2mqtt/bridge/health', payload '{"response_time":1783014362033,"os":{"load_average":[0.01,0.01,0],"memory_used_mb":1803.14,"memory_percent":25.3206},"process":{"uptime_sec":4202,"memory_used_mb":102.65,"memory_percent":1.4414},"mqtt":{"connected":true,"queued":0,"published":23,"received":0},"devices":{}}'
[2026-07-02 19:56:02] info: 	z2m:mqtt: MQTT publish: topic 'zigbee2mqtt/bridge/health', payload '{"response_time":1783014962034,"os":{"load_average":[0,0,0],"memory_used_mb":1797.54,"memory_percent":25.2419},"process":{"uptime_sec":4802,"memory_used_mb":102.63,"memory_percent":1.4412},"mqtt":{"connected":true,"queued":0,"published":25,"received":0},"devices":{}}'
[2026-07-02 20:06:02] info: 	z2m:mqtt: MQTT publish: topic 'zigbee2mqtt/bridge/health', payload '{"response_time":1783015562035,"os":{"load_average":[0.01,0.05,0.01],"memory_used_mb":1796.48,"memory_percent":25.227},"process":{"uptime_sec":5402,"memory_used_mb":102.92,"memory_percent":1.4452},"mqtt":{"connected":true,"queued":0,"published":27,"received":0},"devices":{}}'
[2026-07-02 20:16:02] info: 	z2m:mqtt: MQTT publish: topic 'zigbee2mqtt/bridge/health', payload '{"response_time":1783016162036,"os":{"load_average":[0,0,0],"memory_used_mb":1791.97,"memory_percent":25.1637},"process":{"uptime_sec":6002,"memory_used_mb":102.92,"memory_percent":1.4452},"mqtt":{"connected":true,"queued":0,"published":29,"received":0},"devices":{}}'
[2026-07-02 20:26:02] info: 	z2m:mqtt: MQTT publish: topic 'zigbee2mqtt/bridge/health', payload '{"response_time":1783016762036,"os":{"load_average":[0,0.01,0],"memory_used_mb":1800.02,"memory_percent":25.2767},"process":{"uptime_sec":6602,"memory_used_mb":102.91,"memory_percent":1.4451},"mqtt":{"connected":true,"queued":0,"published":31,"received":0},"devices":{}}'
[2026-07-02 20:30:05] info: 	z2m: Zigbee: allowing new devices to join.
[2026-07-02 20:30:05] info: 	zh:ember: [STACK STATUS] Network opened.
[2026-07-02 20:30:06] info: 	z2m:mqtt: MQTT publish: topic 'zigbee2mqtt/bridge/response/permit_join', payload '{"data":{"time":254},"status":"ok","transaction":"phy10-1"}'
[2026-07-02 20:33:46] info: 	zh:controller: Interview for '0x94deb8fffe73ea79' started
[2026-07-02 20:33:46] info: 	z2m: Device '0x94deb8fffe73ea79' joined
[2026-07-02 20:33:46] info: 	z2m: Starting interview of '0x94deb8fffe73ea79'
[2026-07-02 20:33:46] info: 	z2m:mqtt: MQTT publish: topic 'zigbee2mqtt/bridge/event', payload '{"data":{"friendly_name":"0x94deb8fffe73ea79","ieee_address":"0x94deb8fffe73ea79"},"type":"device_joined"}'
[2026-07-02 20:33:46] info: 	z2m:mqtt: MQTT publish: topic 'zigbee2mqtt/bridge/event', payload '{"data":{"friendly_name":"0x94deb8fffe73ea79","ieee_address":"0x94deb8fffe73ea79","status":"started"},"type":"device_interview"}'
[2026-07-02 20:33:46] info: 	z2m:mqtt: MQTT publish: topic 'zigbee2mqtt/bridge/event', payload '{"data":{"friendly_name":"0x94deb8fffe73ea79","ieee_address":"0x94deb8fffe73ea79"},"type":"device_announce"}'
[2026-07-02 20:33:49] info: 	zh:controller: Succesfully interviewed '0x94deb8fffe73ea79'
[2026-07-02 20:33:49] info: 	z2m: Successfully interviewed '0x94deb8fffe73ea79', device has successfully been paired
[2026-07-02 20:33:49] info: 	z2m: Device '0x94deb8fffe73ea79' is supported, identified as: Nordtronic Box Dimmer 2.0 (98425031)
[2026-07-02 20:33:49] info: 	z2m: Configuring '0x94deb8fffe73ea79'
[2026-07-02 20:33:49] info: 	z2m:mqtt: MQTT publish: topic 'zigbee2mqtt/bridge/event', payload '{"data":{"definition":{"description":"Box Dimmer 2.0","exposes":[{"features":[{"access":7,"description":"On/off state of this light","label":"State","name":"state","property":"state","type":"binary","value_off":"OFF","value_on":"ON","value_toggle":"TOGGLE"},{"access":7,"description":"Brightness of this light","label":"Brightness","name":"brightness","property":"brightness","type":"numeric","value_max":254,"value_min":0}],"type":"light"},{"access":2,"description":"Triggers an effect on the light (e.g. make light blink for a few seconds)","label":"Effect","name":"effect","property":"effect","type":"enum","values":["blink","breathe","okay","channel_change","finish_effect","stop_effect"]},{"access":7,"category":"config","description":"Controls the behavior when the device is powered on after power loss","label":"Power-on behavior","name":"power_on_behavior","property":"power_on_behavior","type":"enum","values":["off","on","toggle","previous"]},{"access":1,"category":"diagnostic","description":"Link quality (signal strength)","label":"Linkquality","name":"linkquality","property":"linkquality","type":"numeric","unit":"lqi","value_max":255,"value_min":0}],"model":"98425031","options":[{"access":2,"description":"Controls the transition time (in seconds) of on/off, brightness, color temperature (if applicable) and color (if applicable) changes. Defaults to `0` (no transition).","label":"Transition","name":"transition","property":"transition","type":"numeric","value_min":0,"value_step":0.1},{"access":2,"description":"State actions will also be published as 'action' when true (default false).","label":"State action","name":"state_action","property":"state_action","type":"binary","value_off":false,"value_on":true}],"source":"native","supports_ota":false,"vendor":"Nordtronic","version":"0.0.0"},"friendly_name":"0x94deb8fffe73ea79","ieee_address":"0x94deb8fffe73ea79","status":"successful","supported":true},"type":"device_interview"}'
[2026-07-02 20:33:50] info: 	z2m:mqtt: MQTT publish: topic 'zigbee2mqtt/0x94deb8fffe73ea79', payload '{"linkquality":80,"state":"ON"}'
[2026-07-02 20:33:50] info: 	z2m:mqtt: MQTT publish: topic 'zigbee2mqtt/0x94deb8fffe73ea79', payload '{"brightness":254,"linkquality":80,"state":"ON"}'
[2026-07-02 20:33:50] info: 	z2m: Successfully configured '0x94deb8fffe73ea79' (definition v0.0.0)
[2026-07-02 20:33:59] info: 	z2m: Zigbee: disabling joining new devices.
[2026-07-02 20:34:00] info: 	zh:ember: [STACK STATUS] Network closed.
[2026-07-02 20:34:00] info: 	z2m:mqtt: MQTT publish: topic 'zigbee2mqtt/bridge/response/permit_join', payload '{"data":{"time":0},"status":"ok","transaction":"phy10-2"}'
[2026-07-02 20:34:01] info: 	z2m: Zigbee: allowing new devices to join.
[2026-07-02 20:34:01] info: 	zh:ember: [STACK STATUS] Network opened.
[2026-07-02 20:34:01] info: 	z2m:mqtt: MQTT publish: topic 'zigbee2mqtt/bridge/response/permit_join', payload '{"data":{"time":254},"status":"ok","transaction":"phy10-3"}'
[2026-07-02 20:34:02] error: 	zh:ember: Delivery of BROADCAST failed for '65532'.
[2026-07-02 20:34:06] info: 	z2m:mqtt: MQTT publish: topic 'zigbee2mqtt/0x94deb8fffe73ea79', payload '{"brightness":254,"linkquality":88,"state":"ON"}'
[2026-07-02 20:34:06] info: 	z2m:mqtt: MQTT publish: topic 'zigbee2mqtt/0x94deb8fffe73ea79', payload '{"brightness":254,"linkquality":80,"state":"ON"}'
[2026-07-02 20:34:14] info: 	z2m:mqtt: MQTT publish: topic 'zigbee2mqtt/0x94deb8fffe73ea79', payload '{"brightness":254,"linkquality":84,"state":"ON"}'
[2026-07-02 20:34:14] info: 	z2m:mqtt: MQTT publish: topic 'zigbee2mqtt/0x94deb8fffe73ea79', payload '{"brightness":254,"linkquality":84,"state":"ON"}'
[2026-07-02 20:35:42] info: 	zh:controller: Interview for '0x94deb8fffe7981b6' started
[2026-07-02 20:35:42] info: 	z2m: Device '0x94deb8fffe7981b6' joined
[2026-07-02 20:35:42] info: 	z2m: Starting interview of '0x94deb8fffe7981b6'
[2026-07-02 20:35:42] info: 	z2m:mqtt: MQTT publish: topic 'zigbee2mqtt/bridge/event', payload '{"data":{"friendly_name":"0x94deb8fffe7981b6","ieee_address":"0x94deb8fffe7981b6"},"type":"device_joined"}'
[2026-07-02 20:35:42] info: 	z2m:mqtt: MQTT publish: topic 'zigbee2mqtt/bridge/event', payload '{"data":{"friendly_name":"0x94deb8fffe7981b6","ieee_address":"0x94deb8fffe7981b6","status":"started"},"type":"device_interview"}'
[2026-07-02 20:35:42] info: 	z2m:mqtt: MQTT publish: topic 'zigbee2mqtt/bridge/event', payload '{"data":{"friendly_name":"0x94deb8fffe7981b6","ieee_address":"0x94deb8fffe7981b6"},"type":"device_announce"}'
[2026-07-02 20:35:44] info: 	zh:controller: Succesfully interviewed '0x94deb8fffe7981b6'
[2026-07-02 20:35:44] info: 	z2m: Successfully interviewed '0x94deb8fffe7981b6', device has successfully been paired
[2026-07-02 20:35:44] info: 	z2m: Device '0x94deb8fffe7981b6' is supported, identified as: Nordtronic Box Dimmer 2.0 (98425031)
[2026-07-02 20:35:44] info: 	z2m: Configuring '0x94deb8fffe7981b6'
[2026-07-02 20:35:44] info: 	z2m:mqtt: MQTT publish: topic 'zigbee2mqtt/bridge/event', payload '{"data":{"definition":{"description":"Box Dimmer 2.0","exposes":[{"features":[{"access":7,"description":"On/off state of this light","label":"State","name":"state","property":"state","type":"binary","value_off":"OFF","value_on":"ON","value_toggle":"TOGGLE"},{"access":7,"description":"Brightness of this light","label":"Brightness","name":"brightness","property":"brightness","type":"numeric","value_max":254,"value_min":0}],"type":"light"},{"access":2,"description":"Triggers an effect on the light (e.g. make light blink for a few seconds)","label":"Effect","name":"effect","property":"effect","type":"enum","values":["blink","breathe","okay","channel_change","finish_effect","stop_effect"]},{"access":7,"category":"config","description":"Controls the behavior when the device is powered on after power loss","label":"Power-on behavior","name":"power_on_behavior","property":"power_on_behavior","type":"enum","values":["off","on","toggle","previous"]},{"access":1,"category":"diagnostic","description":"Link quality (signal strength)","label":"Linkquality","name":"linkquality","property":"linkquality","type":"numeric","unit":"lqi","value_max":255,"value_min":0}],"model":"98425031","options":[{"access":2,"description":"Controls the transition time (in seconds) of on/off, brightness, color temperature (if applicable) and color (if applicable) changes. Defaults to `0` (no transition).","label":"Transition","name":"transition","property":"transition","type":"numeric","value_min":0,"value_step":0.1},{"access":2,"description":"State actions will also be published as 'action' when true (default false).","label":"State action","name":"state_action","property":"state_action","type":"binary","value_off":false,"value_on":true}],"source":"native","supports_ota":false,"vendor":"Nordtronic","version":"0.0.0"},"friendly_name":"0x94deb8fffe7981b6","ieee_address":"0x94deb8fffe7981b6","status":"successful","supported":true},"type":"device_interview"}'
[2026-07-02 20:35:44] info: 	z2m:mqtt: MQTT publish: topic 'zigbee2mqtt/0x94deb8fffe7981b6', payload '{"linkquality":172,"state":"ON"}'
[2026-07-02 20:35:44] info: 	z2m:mqtt: MQTT publish: topic 'zigbee2mqtt/0x94deb8fffe7981b6', payload '{"brightness":254,"linkquality":172,"state":"ON"}'
[2026-07-02 20:35:44] info: 	z2m: Successfully configured '0x94deb8fffe7981b6' (definition v0.0.0)
[2026-07-02 20:35:52] info: 	z2m:mqtt: MQTT publish: topic 'zigbee2mqtt/0x94deb8fffe7981b6', payload '{"brightness":254,"linkquality":172,"state":"ON"}'
[2026-07-02 20:35:52] info: 	z2m:mqtt: MQTT publish: topic 'zigbee2mqtt/0x94deb8fffe7981b6', payload '{"brightness":254,"linkquality":172,"state":"ON"}'
[2026-07-02 20:36:01] info: 	zh:ember: [NCP COUNTERS] 32,496,194,128,11,1,10,10,47,71,0,0,63,2,0,0,2,0,0,0,0,0,0,0,0,0,0,0,0,0,0,0,0,0,0,0,0,0,0,0,0,0
[2026-07-02 20:36:01] info: 	zh:ember: [ASH COUNTERS] 2189,405,87,318,0,0,0,0,5976,318,318,0,0,0,0,0,0,0,0,0,0,0,0,0,0,0,0
[2026-07-02 20:36:02] info: 	z2m:mqtt: MQTT publish: topic 'zigbee2mqtt/bridge/health', payload '{"response_time":1783017362037,"os":{"load_average":[0.02,0.04,0],"memory_used_mb":1809.11,"memory_percent":25.4044},"process":{"uptime_sec":7202,"memory_used_mb":109.47,"memory_percent":1.5373},"mqtt":{"connected":true,"queued":0,"published":115,"received":3},"devices":{"0x94deb8fffe73ea79":{"messages":19,"messages_per_sec":0.1405,"leave_count":0,"network_address_changes":0},"0x94deb8fffe7981b6":{"messages":18,"messages_per_sec":0.9392,"leave_count":0,"network_address_changes":0}}}'
[2026-07-02 20:38:14] info: 	zh:ember: [STACK STATUS] Network closed.
[2026-07-02 20:38:29] info: 	z2m:mqtt: MQTT publish: topic 'zigbee2mqtt/0x94deb8fffe73ea79', payload '{"brightness":254,"linkquality":168,"state":"OFF"}'
[2026-07-02 20:38:29] info: 	z2m:mqtt: MQTT publish: topic 'zigbee2mqtt/0x94deb8fffe73ea79', payload '{"brightness":254,"linkquality":168,"state":"OFF"}'
[2026-07-02 20:39:05] info: 	z2m:mqtt: MQTT publish: topic 'zigbee2mqtt/0x94deb8fffe73ea79', payload ''
[2026-07-02 20:39:05] info: 	z2m:mqtt: MQTT publish: topic 'zigbee2mqtt/lys_carport', payload '{"brightness":254,"linkquality":168,"state":"OFF"}'
[2026-07-02 20:39:05] info: 	z2m:mqtt: MQTT publish: topic 'zigbee2mqtt/bridge/response/device/rename', payload '{"data":{"from":"0x94deb8fffe73ea79","homeassistant_rename":false,"to":"lys_carport"},"status":"ok"}'
[2026-07-02 20:39:05] info: 	z2m:mqtt: MQTT publish: topic 'zigbee2mqtt/0x94deb8fffe7981b6', payload ''
[2026-07-02 20:39:05] info: 	z2m:mqtt: MQTT publish: topic 'zigbee2mqtt/lys_terrasse', payload '{"brightness":254,"linkquality":172,"state":"ON"}'
[2026-07-02 20:39:05] info: 	z2m:mqtt: MQTT publish: topic 'zigbee2mqtt/bridge/response/device/rename', payload '{"data":{"from":"0x94deb8fffe7981b6","homeassistant_rename":false,"to":"lys_terrasse"},"status":"ok"}'
[2026-07-02 20:46:02] info: 	z2m:mqtt: MQTT publish: topic 'zigbee2mqtt/bridge/health', payload '{"response_time":1783017962037,"os":{"load_average":[0.02,0.01,0],"memory_used_mb":1819.09,"memory_percent":25.5446},"process":{"uptime_sec":7802,"memory_used_mb":109.57,"memory_percent":1.5386},"mqtt":{"connected":true,"queued":0,"published":138,"received":6},"devices":{"0x94deb8fffe73ea79":{"messages":24,"messages_per_sec":0.0326,"leave_count":0,"network_address_changes":0},"0x94deb8fffe7981b6":{"messages":20,"messages_per_sec":0.0323,"leave_count":0,"network_address_changes":0}}}'
[2026-07-02 20:56:02] info: 	z2m:mqtt: MQTT publish: topic 'zigbee2mqtt/bridge/health', payload '{"response_time":1783018562037,"os":{"load_average":[0.01,0.04,0.01],"memory_used_mb":1820.39,"memory_percent":25.5627},"process":{"uptime_sec":8402,"memory_used_mb":109.64,"memory_percent":1.5397},"mqtt":{"connected":true,"queued":0,"published":140,"received":6},"devices":{"0x94deb8fffe73ea79":{"messages":26,"messages_per_sec":0.0195,"leave_count":0,"network_address_changes":0},"0x94deb8fffe7981b6":{"messages":22,"messages_per_sec":0.018,"leave_count":0,"network_address_changes":0}}}'
[2026-07-02 21:06:02] info: 	z2m:mqtt: MQTT publish: topic 'zigbee2mqtt/bridge/health', payload '{"response_time":1783019162038,"os":{"load_average":[0,0,0],"memory_used_mb":1812.72,"memory_percent":25.4551},"process":{"uptime_sec":9002,"memory_used_mb":109.61,"memory_percent":1.5392},"mqtt":{"connected":true,"queued":0,"published":142,"received":6},"devices":{"0x94deb8fffe73ea79":{"messages":28,"messages_per_sec":0.0145,"leave_count":0,"network_address_changes":0},"0x94deb8fffe7981b6":{"messages":24,"messages_per_sec":0.0132,"leave_count":0,"network_address_changes":0}}}'
[2026-07-02 21:16:02] info: 	z2m:mqtt: MQTT publish: topic 'zigbee2mqtt/bridge/health', payload '{"response_time":1783019762039,"os":{"load_average":[0.17,0.06,0.01],"memory_used_mb":1826.76,"memory_percent":25.6523},"process":{"uptime_sec":9602,"memory_used_mb":110.7,"memory_percent":1.5545},"mqtt":{"connected":true,"queued":0,"published":144,"received":6},"devices":{"0x94deb8fffe73ea79":{"messages":30,"messages_per_sec":0.0118,"leave_count":0,"network_address_changes":0},"0x94deb8fffe7981b6":{"messages":26,"messages_per_sec":0.0107,"leave_count":0,"network_address_changes":0}}}'
[2026-07-02 21:20:25] info: 	z2m:mqtt: MQTT publish: topic 'zigbee2mqtt/lys_terrasse', payload '{"brightness":254,"linkquality":176,"state":"ON"}'
[2026-07-02 21:20:25] info: 	z2m:mqtt: MQTT publish: topic 'zigbee2mqtt/lys_terrasse', payload '{"brightness":254,"linkquality":176,"state":"OFF"}'
[2026-07-02 21:20:45] info: 	z2m:mqtt: MQTT publish: topic 'zigbee2mqtt/lys_terrasse', payload '{"brightness":254,"linkquality":172,"state":"ON"}'
[2026-07-02 21:20:45] info: 	z2m:mqtt: MQTT publish: topic 'zigbee2mqtt/lys_terrasse', payload '{"brightness":254,"linkquality":172,"state":"ON"}'
[2026-07-02 21:20:46] info: 	z2m:mqtt: MQTT publish: topic 'zigbee2mqtt/lys_terrasse', payload '{"brightness":254,"linkquality":176,"state":"OFF"}'
[2026-07-02 21:20:50] info: 	z2m:mqtt: MQTT publish: topic 'zigbee2mqtt/lys_terrasse', payload '{"brightness":254,"linkquality":176,"state":"OFF"}'
[2026-07-02 21:24:12] info: 	z2m:mqtt: MQTT publish: topic 'zigbee2mqtt/lys_carport', payload '{"brightness":254,"linkquality":172,"state":"ON"}'
[2026-07-02 21:24:12] info: 	z2m:mqtt: MQTT publish: topic 'zigbee2mqtt/lys_carport', payload '{"brightness":254,"linkquality":172,"state":"ON"}'
[2026-07-02 21:24:14] info: 	z2m:mqtt: MQTT publish: topic 'zigbee2mqtt/lys_carport', payload '{"brightness":254,"linkquality":172,"state":"OFF"}'
[2026-07-02 21:24:18] info: 	z2m:mqtt: MQTT publish: topic 'zigbee2mqtt/lys_carport', payload '{"brightness":254,"linkquality":172,"state":"OFF"}'
[2026-07-02 21:26:02] info: 	z2m:mqtt: MQTT publish: topic 'zigbee2mqtt/bridge/health', payload '{"response_time":1783020362039,"os":{"load_average":[0.01,0.02,0],"memory_used_mb":1843,"memory_percent":25.8803},"process":{"uptime_sec":10202,"memory_used_mb":110.5,"memory_percent":1.5517},"mqtt":{"connected":true,"queued":0,"published":162,"received":6},"devices":{"0x94deb8fffe73ea79":{"messages":36,"messages_per_sec":0.0115,"leave_count":0,"network_address_changes":0},"0x94deb8fffe7981b6":{"messages":34,"messages_per_sec":0.0113,"leave_count":0,"network_address_changes":0}}}'
[2026-07-02 21:34:06] info: 	z2m:mqtt: MQTT publish: topic 'zigbee2mqtt/lys_carport', payload '{"brightness":254,"linkquality":180,"state":"ON"}'
[2026-07-02 21:34:07] info: 	z2m:mqtt: MQTT publish: topic 'zigbee2mqtt/lys_carport', payload '{"brightness":254,"linkquality":176,"state":"ON"}'
[2026-07-02 21:34:07] info: 	z2m:mqtt: MQTT publish: topic 'zigbee2mqtt/lys_carport', payload '{"brightness":254,"linkquality":180,"state":"ON"}'
[2026-07-02 21:36:01] info: 	zh:ember: [NCP COUNTERS] 784,466,73,80,2,0,0,0,40,40,0,0,60,0,0,0,0,0,0,0,0,0,0,0,0,0,0,0,0,0,0,0,0,0,0,0,0,0,0,0,0,0
[2026-07-02 21:36:01] info: 	zh:ember: [ASH COUNTERS] 1019,195,41,154,0,0,0,0,3305,154,154,0,0,0,0,0,0,0,0,0,0,0,0,0,0,0,0
[2026-07-02 21:36:02] info: 	z2m:mqtt: MQTT publish: topic 'zigbee2mqtt/bridge/health', payload '{"response_time":1783020962039,"os":{"load_average":[0.04,0.03,0],"memory_used_mb":1864.94,"memory_percent":26.1884},"process":{"uptime_sec":10802,"memory_used_mb":110.2,"memory_percent":1.5474},"mqtt":{"connected":true,"queued":0,"published":172,"received":7},"devices":{"0x94deb8fffe73ea79":{"messages":41,"messages_per_sec":0.011,"leave_count":0,"network_address_changes":0},"0x94deb8fffe7981b6":{"messages":36,"messages_per_sec":0.0099,"leave_count":0,"network_address_changes":0}}}'
[2026-07-02 21:46:02] info: 	z2m:mqtt: MQTT publish: topic 'zigbee2mqtt/bridge/health', payload '{"response_time":1783021562042,"os":{"load_average":[0.1,0.03,0],"memory_used_mb":1871.16,"memory_percent":26.2757},"process":{"uptime_sec":11402,"memory_used_mb":110.33,"memory_percent":1.5493},"mqtt":{"connected":true,"queued":0,"published":174,"received":7},"devices":{"0x94deb8fffe73ea79":{"messages":43,"messages_per_sec":0.0099,"leave_count":0,"network_address_changes":0},"0x94deb8fffe7981b6":{"messages":38,"messages_per_sec":0.009,"leave_count":0,"network_address_changes":0}}}'
[2026-07-02 21:48:14] info: 	z2m:mqtt: MQTT publish: topic 'zigbee2mqtt/lys_terrasse', payload '{"brightness":254,"linkquality":172,"state":"OFF"}'
[2026-07-02 21:48:14] info: 	z2m:mqtt: MQTT publish: topic 'zigbee2mqtt/lys_carport', payload '{"brightness":254,"linkquality":172,"state":"OFF"}'
[2026-07-02 21:48:15] info: 	z2m:mqtt: MQTT publish: topic 'zigbee2mqtt/lys_carport', payload '{"brightness":254,"linkquality":172,"state":"OFF"}'
[2026-07-02 21:48:15] info: 	z2m:mqtt: MQTT publish: topic 'zigbee2mqtt/lys_carport', payload '{"brightness":254,"linkquality":172,"state":"OFF"}'
[2026-07-02 21:56:02] info: 	z2m:mqtt: MQTT publish: topic 'zigbee2mqtt/bridge/health', payload '{"response_time":1783022162044,"os":{"load_average":[0.11,0.11,0.04],"memory_used_mb":1859.38,"memory_percent":26.1103},"process":{"uptime_sec":12002,"memory_used_mb":110.31,"memory_percent":1.549},"mqtt":{"connected":true,"queued":0,"published":182,"received":9},"devices":{"0x94deb8fffe73ea79":{"messages":48,"messages_per_sec":0.0097,"leave_count":0,"network_address_changes":0},"0x94deb8fffe7981b6":{"messages":41,"messages_per_sec":0.0085,"leave_count":0,"network_address_changes":0}}}'
[2026-07-02 22:06:02] info: 	z2m:mqtt: MQTT publish: topic 'zigbee2mqtt/bridge/health', payload '{"response_time":1783022762047,"os":{"load_average":[0,0.02,0],"memory_used_mb":1812.2,"memory_percent":25.4478},"process":{"uptime_sec":12602,"memory_used_mb":110.54,"memory_percent":1.5522},"mqtt":{"connected":true,"queued":0,"published":184,"received":9},"devices":{"0x94deb8fffe73ea79":{"messages":50,"messages_per_sec":0.009,"leave_count":0,"network_address_changes":0},"0x94deb8fffe7981b6":{"messages":43,"messages_per_sec":0.0079,"leave_count":0,"network_address_changes":0}}}'
[2026-07-02 22:08:26] info: 	z2m:mqtt: MQTT publish: topic 'zigbee2mqtt/lys_terrasse', payload '{"brightness":254,"linkquality":168,"state":"ON"}'
[2026-07-02 22:08:26] info: 	z2m:mqtt: MQTT publish: topic 'zigbee2mqtt/lys_carport', payload '{"brightness":254,"linkquality":168,"state":"ON"}'
[2026-07-02 22:08:26] info: 	z2m:mqtt: MQTT publish: topic 'zigbee2mqtt/lys_terrasse', payload '{"brightness":254,"linkquality":168,"state":"ON"}'
[2026-07-02 22:08:26] info: 	z2m:mqtt: MQTT publish: topic 'zigbee2mqtt/lys_terrasse', payload '{"brightness":254,"linkquality":168,"state":"ON"}'
[2026-07-02 22:08:26] info: 	z2m:mqtt: MQTT publish: topic 'zigbee2mqtt/lys_carport', payload '{"brightness":254,"linkquality":168,"state":"ON"}'
[2026-07-02 22:08:26] info: 	z2m:mqtt: MQTT publish: topic 'zigbee2mqtt/lys_carport', payload '{"brightness":254,"linkquality":168,"state":"ON"}'
[2026-07-02 22:16:02] info: 	z2m:mqtt: MQTT publish: topic 'zigbee2mqtt/bridge/health', payload '{"response_time":1783023362052,"os":{"load_average":[0.01,0.02,0],"memory_used_mb":1831.12,"memory_percent":25.7135},"process":{"uptime_sec":13202,"memory_used_mb":110.81,"memory_percent":1.556},"mqtt":{"connected":true,"queued":0,"published":196,"received":11},"devices":{"0x94deb8fffe73ea79":{"messages":55,"messages_per_sec":0.009,"leave_count":0,"network_address_changes":0},"0x94deb8fffe7981b6":{"messages":48,"messages_per_sec":0.008,"leave_count":0,"network_address_changes":0}}}'
[2026-07-02 22:26:02] info: 	z2m:mqtt: MQTT publish: topic 'zigbee2mqtt/bridge/health', payload '{"response_time":1783023962058,"os":{"load_average":[0,0,0],"memory_used_mb":1816.2,"memory_percent":25.5039},"process":{"uptime_sec":13802,"memory_used_mb":110.6,"memory_percent":1.5531},"mqtt":{"connected":true,"queued":0,"published":198,"received":11},"devices":{"0x94deb8fffe73ea79":{"messages":57,"messages_per_sec":0.0085,"leave_count":0,"network_address_changes":0},"0x94deb8fffe7981b6":{"messages":50,"messages_per_sec":0.0076,"leave_count":0,"network_address_changes":0}}}'
[2026-07-02 22:36:01] info: 	zh:ember: [NCP COUNTERS] 771,466,68,68,7,0,0,0,34,34,0,0,60,0,0,0,0,0,0,0,0,0,0,0,0,0,0,0,0,0,0,0,0,0,0,0,0,0,0,0,0,0
[2026-07-02 22:36:01] info: 	zh:ember: [ASH COUNTERS] 857,168,35,133,0,0,0,0,2893,133,133,0,0,0,0,0,0,0,0,0,0,0,0,0,0,0,0
[2026-07-02 22:36:02] info: 	z2m:mqtt: MQTT publish: topic 'zigbee2mqtt/bridge/health', payload '{"response_time":1783024562062,"os":{"load_average":[0.07,0.03,0.01],"memory_used_mb":1821.32,"memory_percent":25.5759},"process":{"uptime_sec":14402,"memory_used_mb":110.38,"memory_percent":1.5499},"mqtt":{"connected":true,"queued":0,"published":202,"received":11},"devices":{"0x94deb8fffe73ea79":{"messages":59,"messages_per_sec":0.008,"leave_count":0,"network_address_changes":0},"0x94deb8fffe7981b6":{"messages":52,"messages_per_sec":0.0072,"leave_count":0,"network_address_changes":0}}}'
[2026-07-02 22:46:02] info: 	z2m:mqtt: MQTT publish: topic 'zigbee2mqtt/bridge/health', payload '{"response_time":1783025162067,"os":{"load_average":[0.05,0.01,0],"memory_used_mb":1812.71,"memory_percent":25.4549},"process":{"uptime_sec":15002,"memory_used_mb":110.6,"memory_percent":1.5531},"mqtt":{"connected":true,"queued":0,"published":204,"received":11},"devices":{"0x94deb8fffe73ea79":{"messages":61,"messages_per_sec":0.0077,"leave_count":0,"network_address_changes":0},"0x94deb8fffe7981b6":{"messages":54,"messages_per_sec":0.0069,"leave_count":0,"network_address_changes":0}}}'
[2026-07-02 22:56:02] info: 	z2m:mqtt: MQTT publish: topic 'zigbee2mqtt/bridge/health', payload '{"response_time":1783025762072,"os":{"load_average":[0.1,0.03,0.01],"memory_used_mb":1808.12,"memory_percent":25.3904},"process":{"uptime_sec":15602,"memory_used_mb":110.42,"memory_percent":1.5506},"mqtt":{"connected":true,"queued":0,"published":206,"received":11},"devices":{"0x94deb8fffe73ea79":{"messages":63,"messages_per_sec":0.0074,"leave_count":0,"network_address_changes":0},"0x94deb8fffe7981b6":{"messages":56,"messages_per_sec":0.0067,"leave_count":0,"network_address_changes":0}}}'
[2026-07-02 23:06:02] info: 	z2m:mqtt: MQTT publish: topic 'zigbee2mqtt/bridge/health', payload '{"response_time":1783026362076,"os":{"load_average":[0,0.06,0.02],"memory_used_mb":1839.52,"memory_percent":25.8314},"process":{"uptime_sec":16202,"memory_used_mb":110.64,"memory_percent":1.5537},"mqtt":{"connected":true,"queued":0,"published":208,"received":11},"devices":{"0x94deb8fffe73ea79":{"messages":65,"messages_per_sec":0.0071,"leave_count":0,"network_address_changes":0},"0x94deb8fffe7981b6":{"messages":58,"messages_per_sec":0.0064,"leave_count":0,"network_address_changes":0}}}'
[2026-07-02 23:16:02] info: 	z2m:mqtt: MQTT publish: topic 'zigbee2mqtt/bridge/health', payload '{"response_time":1783026962082,"os":{"load_average":[0.01,0.02,0],"memory_used_mb":1827.47,"memory_percent":25.6622},"process":{"uptime_sec":16802,"memory_used_mb":110.64,"memory_percent":1.5537},"mqtt":{"connected":true,"queued":0,"published":210,"received":11},"devices":{"0x94deb8fffe73ea79":{"messages":67,"messages_per_sec":0.0069,"leave_count":0,"network_address_changes":0},"0x94deb8fffe7981b6":{"messages":60,"messages_per_sec":0.0062,"leave_count":0,"network_address_changes":0}}}'
[2026-07-02 23:26:02] info: 	z2m:mqtt: MQTT publish: topic 'zigbee2mqtt/bridge/health', payload '{"response_time":1783027562088,"os":{"load_average":[0.03,0.04,0],"memory_used_mb":1802.33,"memory_percent":25.3092},"process":{"uptime_sec":17402,"memory_used_mb":110.74,"memory_percent":1.555},"mqtt":{"connected":true,"queued":0,"published":212,"received":11},"devices":{"0x94deb8fffe73ea79":{"messages":69,"messages_per_sec":0.0067,"leave_count":0,"network_address_changes":0},"0x94deb8fffe7981b6":{"messages":62,"messages_per_sec":0.0061,"leave_count":0,"network_address_changes":0}}}'
[2026-07-02 23:36:01] info: 	zh:ember: [NCP COUNTERS] 804,470,49,48,0,0,0,0,24,24,0,0,60,0,0,0,0,0,0,0,0,1,0,0,0,0,0,0,0,0,0,0,0,0,0,0,0,0,0,0,0,0
[2026-07-02 23:36:01] info: 	zh:ember: [ASH COUNTERS] 605,122,25,97,0,0,0,0,2175,97,97,0,0,0,0,0,0,0,0,0,0,0,0,0,0,0,0
[2026-07-02 23:36:02] info: 	z2m:mqtt: MQTT publish: topic 'zigbee2mqtt/bridge/health', payload '{"response_time":1783028162092,"os":{"load_average":[0,0.02,0],"memory_used_mb":1813.23,"memory_percent":25.4622},"process":{"uptime_sec":18002,"memory_used_mb":110.71,"memory_percent":1.5546},"mqtt":{"connected":true,"queued":0,"published":216,"received":11},"devices":{"0x94deb8fffe73ea79":{"messages":71,"messages_per_sec":0.0065,"leave_count":0,"network_address_changes":0},"0x94deb8fffe7981b6":{"messages":64,"messages_per_sec":0.0059,"leave_count":0,"network_address_changes":0}}}'
[2026-07-02 23:46:02] info: 	z2m:mqtt: MQTT publish: topic 'zigbee2mqtt/bridge/health', payload '{"response_time":1783028762096,"os":{"load_average":[0.02,0.02,0],"memory_used_mb":1808.88,"memory_percent":25.4012},"process":{"uptime_sec":18602,"memory_used_mb":110.69,"memory_percent":1.5543},"mqtt":{"connected":true,"queued":0,"published":218,"received":11},"devices":{"0x94deb8fffe73ea79":{"messages":73,"messages_per_sec":0.0063,"leave_count":0,"network_address_changes":0},"0x94deb8fffe7981b6":{"messages":66,"messages_per_sec":0.0058,"leave_count":0,"network_address_changes":0}}}'
[2026-07-02 23:56:02] info: 	z2m:mqtt: MQTT publish: topic 'zigbee2mqtt/bridge/health', payload '{"response_time":1783029362100,"os":{"load_average":[0,0.02,0],"memory_used_mb":1820.45,"memory_percent":25.5636},"process":{"uptime_sec":19202,"memory_used_mb":110.67,"memory_percent":1.5541},"mqtt":{"connected":true,"queued":0,"published":220,"received":11},"devices":{"0x94deb8fffe73ea79":{"messages":76,"messages_per_sec":0.0063,"leave_count":0,"network_address_changes":0},"0x94deb8fffe7981b6":{"messages":68,"messages_per_sec":0.0057,"leave_count":0,"network_address_changes":0}}}'
[2026-07-02 23:58:26] info: 	z2m:mqtt: MQTT publish: topic 'zigbee2mqtt/lys_terrasse', payload '{"brightness":254,"linkquality":172,"state":"OFF"}'
[2026-07-02 23:58:26] info: 	z2m:mqtt: MQTT publish: topic 'zigbee2mqtt/lys_carport', payload '{"brightness":254,"linkquality":172,"state":"OFF"}'
[2026-07-02 23:58:27] info: 	z2m:mqtt: MQTT publish: topic 'zigbee2mqtt/lys_terrasse', payload '{"brightness":254,"linkquality":172,"state":"OFF"}'
[2026-07-02 23:58:27] info: 	z2m:mqtt: MQTT publish: topic 'zigbee2mqtt/lys_terrasse', payload '{"brightness":254,"linkquality":172,"state":"OFF"}'
[2026-07-02 23:58:27] info: 	z2m:mqtt: MQTT publish: topic 'zigbee2mqtt/lys_carport', payload '{"brightness":254,"linkquality":172,"state":"OFF"}'
[2026-07-02 23:58:27] info: 	z2m:mqtt: MQTT publish: topic 'zigbee2mqtt/lys_carport', payload '{"brightness":254,"linkquality":172,"state":"OFF"}'
[2026-07-03 00:06:02] info: 	z2m:mqtt: MQTT publish: topic 'zigbee2mqtt/bridge/health', payload '{"response_time":1783029962106,"os":{"load_average":[0,0.01,0],"memory_used_mb":1817.04,"memory_percent":25.5157},"process":{"uptime_sec":19802,"memory_used_mb":110.77,"memory_percent":1.5554},"mqtt":{"connected":true,"queued":0,"published":232,"received":13},"devices":{"0x94deb8fffe73ea79":{"messages":81,"messages_per_sec":0.0064,"leave_count":0,"network_address_changes":0},"0x94deb8fffe7981b6":{"messages":73,"messages_per_sec":0.0058,"leave_count":0,"network_address_changes":0}}}'
[2026-07-03 00:16:02] info: 	z2m:mqtt: MQTT publish: topic 'zigbee2mqtt/bridge/health', payload '{"response_time":1783030562111,"os":{"load_average":[0,0,0],"memory_used_mb":1826.23,"memory_percent":25.6447},"process":{"uptime_sec":20402,"memory_used_mb":110.76,"memory_percent":1.5553},"mqtt":{"connected":true,"queued":0,"published":234,"received":13},"devices":{"0x94deb8fffe73ea79":{"messages":83,"messages_per_sec":0.0062,"leave_count":0,"network_address_changes":0},"0x94deb8fffe7981b6":{"messages":75,"messages_per_sec":0.0057,"leave_count":0,"network_address_changes":0}}}'
[2026-07-03 00:26:02] info: 	z2m:mqtt: MQTT publish: topic 'zigbee2mqtt/bridge/health', payload '{"response_time":1783031162115,"os":{"load_average":[0,0,0],"memory_used_mb":1820.3,"memory_percent":25.5615},"process":{"uptime_sec":21002,"memory_used_mb":110.8,"memory_percent":1.5559},"mqtt":{"connected":true,"queued":0,"published":236,"received":13},"devices":{"0x94deb8fffe73ea79":{"messages":85,"messages_per_sec":0.0061,"leave_count":0,"network_address_changes":0},"0x94deb8fffe7981b6":{"messages":77,"messages_per_sec":0.0056,"leave_count":0,"network_address_changes":0}}}'
[2026-07-03 00:36:01] info: 	zh:ember: [NCP COUNTERS] 816,473,61,62,4,0,0,0,31,31,0,0,61,0,0,0,0,0,0,0,0,0,0,0,0,0,0,0,0,0,0,0,0,0,0,0,0,0,0,0,0,0
[2026-07-03 00:36:01] info: 	zh:ember: [ASH COUNTERS] 782,154,32,122,0,0,0,0,2683,122,122,0,0,0,0,0,0,0,0,0,0,0,0,0,0,0,0
[2026-07-03 00:36:02] info: 	z2m:mqtt: MQTT publish: topic 'zigbee2mqtt/bridge/health', payload '{"response_time":1783031762117,"os":{"load_average":[0.05,0.04,0],"memory_used_mb":1819.71,"memory_percent":25.5532},"process":{"uptime_sec":21602,"memory_used_mb":110.75,"memory_percent":1.5552},"mqtt":{"connected":true,"queued":0,"published":240,"received":13},"devices":{"0x94deb8fffe73ea79":{"messages":87,"messages_per_sec":0.006,"leave_count":0,"network_address_changes":0},"0x94deb8fffe7981b6":{"messages":79,"messages_per_sec":0.0055,"leave_count":0,"network_address_changes":0}}}'
[2026-07-03 00:46:02] info: 	z2m:mqtt: MQTT publish: topic 'zigbee2mqtt/bridge/health', payload '{"response_time":1783032362121,"os":{"load_average":[0.01,0.03,0],"memory_used_mb":1818.02,"memory_percent":25.5296},"process":{"uptime_sec":22202,"memory_used_mb":110.71,"memory_percent":1.5547},"mqtt":{"connected":true,"queued":0,"published":242,"received":13},"devices":{"0x94deb8fffe73ea79":{"messages":89,"messages_per_sec":0.0059,"leave_count":0,"network_address_changes":0},"0x94deb8fffe7981b6":{"messages":81,"messages_per_sec":0.0054,"leave_count":0,"network_address_changes":0}}}'
[2026-07-03 00:56:02] info: 	z2m:mqtt: MQTT publish: topic 'zigbee2mqtt/bridge/health', payload '{"response_time":1783032962126,"os":{"load_average":[0,0.02,0],"memory_used_mb":1815.21,"memory_percent":25.49},"process":{"uptime_sec":22802,"memory_used_mb":110.71,"memory_percent":1.5547},"mqtt":{"connected":true,"queued":0,"published":244,"received":13},"devices":{"0x94deb8fffe73ea79":{"messages":91,"messages_per_sec":0.0058,"leave_count":0,"network_address_changes":0},"0x94deb8fffe7981b6":{"messages":83,"messages_per_sec":0.0053,"leave_count":0,"network_address_changes":0}}}'
[2026-07-03 01:06:02] info: 	z2m:mqtt: MQTT publish: topic 'zigbee2mqtt/bridge/health', payload '{"response_time":1783033562130,"os":{"load_average":[0.02,0.01,0],"memory_used_mb":1822.92,"memory_percent":25.5983},"process":{"uptime_sec":23402,"memory_used_mb":110.56,"memory_percent":1.5525},"mqtt":{"connected":true,"queued":0,"published":246,"received":13},"devices":{"0x94deb8fffe73ea79":{"messages":93,"messages_per_sec":0.0057,"leave_count":0,"network_address_changes":0},"0x94deb8fffe7981b6":{"messages":85,"messages_per_sec":0.0052,"leave_count":0,"network_address_changes":0}}}'
[2026-07-03 01:16:02] info: 	z2m:mqtt: MQTT publish: topic 'zigbee2mqtt/bridge/health', payload '{"response_time":1783034162133,"os":{"load_average":[0,0,0],"memory_used_mb":1815.53,"memory_percent":25.4946},"process":{"uptime_sec":24002,"memory_used_mb":110.56,"memory_percent":1.5525},"mqtt":{"connected":true,"queued":0,"published":248,"received":13},"devices":{"0x94deb8fffe73ea79":{"messages":95,"messages_per_sec":0.0056,"leave_count":0,"network_address_changes":0},"0x94deb8fffe7981b6":{"messages":87,"messages_per_sec":0.0052,"leave_count":0,"network_address_changes":0}}}'
[2026-07-03 01:26:02] info: 	z2m:mqtt: MQTT publish: topic 'zigbee2mqtt/bridge/health', payload '{"response_time":1783034762134,"os":{"load_average":[0.03,0.03,0],"memory_used_mb":1828.78,"memory_percent":25.6806},"process":{"uptime_sec":24602,"memory_used_mb":110.77,"memory_percent":1.5555},"mqtt":{"connected":true,"queued":0,"published":250,"received":13},"devices":{"0x94deb8fffe73ea79":{"messages":97,"messages_per_sec":0.0055,"leave_count":0,"network_address_changes":0},"0x94deb8fffe7981b6":{"messages":89,"messages_per_sec":0.0051,"leave_count":0,"network_address_changes":0}}}'
[2026-07-03 01:36:01] info: 	zh:ember: [NCP COUNTERS] 807,466,48,48,5,0,0,0,24,24,0,0,60,0,0,0,0,0,0,0,0,0,0,0,0,0,0,0,0,0,0,0,0,0,0,0,0,0,0,0,0,0
[2026-07-03 01:36:01] info: 	zh:ember: [ASH COUNTERS] 605,122,25,97,0,0,0,0,2175,97,97,0,0,0,0,0,0,0,0,0,0,0,0,0,0,0,0
[2026-07-03 01:36:02] info: 	z2m:mqtt: MQTT publish: topic 'zigbee2mqtt/bridge/health', payload '{"response_time":1783035362137,"os":{"load_average":[0,0,0],"memory_used_mb":1818.43,"memory_percent":25.5353},"process":{"uptime_sec":25202,"memory_used_mb":110.76,"memory_percent":1.5554},"mqtt":{"connected":true,"queued":0,"published":254,"received":13},"devices":{"0x94deb8fffe73ea79":{"messages":99,"messages_per_sec":0.0055,"leave_count":0,"network_address_changes":0},"0x94deb8fffe7981b6":{"messages":91,"messages_per_sec":0.0051,"leave_count":0,"network_address_changes":0}}}'
[2026-07-03 01:46:02] info: 	z2m:mqtt: MQTT publish: topic 'zigbee2mqtt/bridge/health', payload '{"response_time":1783035962142,"os":{"load_average":[0,0,0],"memory_used_mb":1834.53,"memory_percent":25.7613},"process":{"uptime_sec":25802,"memory_used_mb":110.82,"memory_percent":1.5561},"mqtt":{"connected":true,"queued":0,"published":256,"received":13},"devices":{"0x94deb8fffe73ea79":{"messages":101,"messages_per_sec":0.0054,"leave_count":0,"network_address_changes":0},"0x94deb8fffe7981b6":{"messages":93,"messages_per_sec":0.005,"leave_count":0,"network_address_changes":0}}}'
[2026-07-03 01:56:02] info: 	z2m:mqtt: MQTT publish: topic 'zigbee2mqtt/bridge/health', payload '{"response_time":1783036562145,"os":{"load_average":[0,0,0],"memory_used_mb":1825.36,"memory_percent":25.6326},"process":{"uptime_sec":26402,"memory_used_mb":110.82,"memory_percent":1.5561},"mqtt":{"connected":true,"queued":0,"published":258,"received":13},"devices":{"0x94deb8fffe73ea79":{"messages":103,"messages_per_sec":0.0053,"leave_count":0,"network_address_changes":0},"0x94deb8fffe7981b6":{"messages":95,"messages_per_sec":0.0049,"leave_count":0,"network_address_changes":0}}}'
[2026-07-03 02:06:02] info: 	z2m:mqtt: MQTT publish: topic 'zigbee2mqtt/bridge/health', payload '{"response_time":1783037162150,"os":{"load_average":[0.01,0.02,0],"memory_used_mb":1835.55,"memory_percent":25.7757},"process":{"uptime_sec":27002,"memory_used_mb":110.87,"memory_percent":1.5569},"mqtt":{"connected":true,"queued":0,"published":260,"received":13},"devices":{"0x94deb8fffe73ea79":{"messages":105,"messages_per_sec":0.0053,"leave_count":0,"network_address_changes":0},"0x94deb8fffe7981b6":{"messages":97,"messages_per_sec":0.0049,"leave_count":0,"network_address_changes":0}}}'
[2026-07-03 02:16:02] info: 	z2m:mqtt: MQTT publish: topic 'zigbee2mqtt/bridge/health', payload '{"response_time":1783037762155,"os":{"load_average":[0,0,0],"memory_used_mb":1834.88,"memory_percent":25.7662},"process":{"uptime_sec":27602,"memory_used_mb":110.74,"memory_percent":1.5551},"mqtt":{"connected":true,"queued":0,"published":262,"received":13},"devices":{"0x94deb8fffe73ea79":{"messages":107,"messages_per_sec":0.0052,"leave_count":0,"network_address_changes":0},"0x94deb8fffe7981b6":{"messages":99,"messages_per_sec":0.0048,"leave_count":0,"network_address_changes":0}}}'
[2026-07-03 02:26:02] info: 	z2m:mqtt: MQTT publish: topic 'zigbee2mqtt/bridge/health', payload '{"response_time":1783038362160,"os":{"load_average":[0,0,0],"memory_used_mb":1846.47,"memory_percent":25.929},"process":{"uptime_sec":28202,"memory_used_mb":110.97,"memory_percent":1.5583},"mqtt":{"connected":true,"queued":0,"published":264,"received":13},"devices":{"0x94deb8fffe73ea79":{"messages":109,"messages_per_sec":0.0052,"leave_count":0,"network_address_changes":0},"0x94deb8fffe7981b6":{"messages":101,"messages_per_sec":0.0048,"leave_count":0,"network_address_changes":0}}}'
[2026-07-03 02:36:01] info: 	zh:ember: [NCP COUNTERS] 810,466,48,48,0,0,0,0,24,24,0,0,60,0,0,0,0,0,0,0,0,0,0,0,0,0,0,0,0,0,0,0,0,0,0,0,0,0,0,0,0,0
[2026-07-03 02:36:01] info: 	zh:ember: [ASH COUNTERS] 605,122,25,97,0,0,0,0,2175,97,97,0,0,0,0,0,0,0,0,0,0,0,0,0,0,0,0
[2026-07-03 02:36:02] info: 	z2m:mqtt: MQTT publish: topic 'zigbee2mqtt/bridge/health', payload '{"response_time":1783038962163,"os":{"load_average":[0.02,0.03,0],"memory_used_mb":1837.94,"memory_percent":25.8093},"process":{"uptime_sec":28802,"memory_used_mb":110.81,"memory_percent":1.5561},"mqtt":{"connected":true,"queued":0,"published":268,"received":13},"devices":{"0x94deb8fffe73ea79":{"messages":111,"messages_per_sec":0.0051,"leave_count":0,"network_address_changes":0},"0x94deb8fffe7981b6":{"messages":103,"messages_per_sec":0.0048,"leave_count":0,"network_address_changes":0}}}'
[2026-07-03 02:46:02] info: 	z2m:mqtt: MQTT publish: topic 'zigbee2mqtt/bridge/health', payload '{"response_time":1783039562168,"os":{"load_average":[0,0,0],"memory_used_mb":1836.64,"memory_percent":25.791},"process":{"uptime_sec":29402,"memory_used_mb":110.62,"memory_percent":1.5533},"mqtt":{"connected":true,"queued":0,"published":270,"received":13},"devices":{"0x94deb8fffe73ea79":{"messages":113,"messages_per_sec":0.0051,"leave_count":0,"network_address_changes":0},"0x94deb8fffe7981b6":{"messages":105,"messages_per_sec":0.0047,"leave_count":0,"network_address_changes":0}}}'
[2026-07-03 02:56:02] info: 	z2m:mqtt: MQTT publish: topic 'zigbee2mqtt/bridge/health', payload '{"response_time":1783040162174,"os":{"load_average":[0,0,0],"memory_used_mb":1847.51,"memory_percent":25.9436},"process":{"uptime_sec":30002,"memory_used_mb":110.62,"memory_percent":1.5533},"mqtt":{"connected":true,"queued":0,"published":272,"received":13},"devices":{"0x94deb8fffe73ea79":{"messages":115,"messages_per_sec":0.005,"leave_count":0,"network_address_changes":0},"0x94deb8fffe7981b6":{"messages":107,"messages_per_sec":0.0047,"leave_count":0,"network_address_changes":0}}}'
[2026-07-03 03:06:02] info: 	z2m:mqtt: MQTT publish: topic 'zigbee2mqtt/bridge/health', payload '{"response_time":1783040762178,"os":{"load_average":[0.12,0.08,0.02],"memory_used_mb":1839.18,"memory_percent":25.8266},"process":{"uptime_sec":30602,"memory_used_mb":110.52,"memory_percent":1.552},"mqtt":{"connected":true,"queued":0,"published":274,"received":13},"devices":{"0x94deb8fffe73ea79":{"messages":117,"messages_per_sec":0.005,"leave_count":0,"network_address_changes":0},"0x94deb8fffe7981b6":{"messages":109,"messages_per_sec":0.0047,"leave_count":0,"network_address_changes":0}}}'
[2026-07-03 03:16:02] info: 	z2m:mqtt: MQTT publish: topic 'zigbee2mqtt/bridge/health', payload '{"response_time":1783041362182,"os":{"load_average":[0.04,0.05,0.01],"memory_used_mb":1838.63,"memory_percent":25.819},"process":{"uptime_sec":31202,"memory_used_mb":110.6,"memory_percent":1.5531},"mqtt":{"connected":true,"queued":0,"published":276,"received":13},"devices":{"0x94deb8fffe73ea79":{"messages":119,"messages_per_sec":0.0049,"leave_count":0,"network_address_changes":0},"0x94deb8fffe7981b6":{"messages":111,"messages_per_sec":0.0046,"leave_count":0,"network_address_changes":0}}}'
[2026-07-03 03:26:02] info: 	z2m:mqtt: MQTT publish: topic 'zigbee2mqtt/bridge/health', payload '{"response_time":1783041962185,"os":{"load_average":[0.03,0.03,0],"memory_used_mb":1841.88,"memory_percent":25.8646},"process":{"uptime_sec":31802,"memory_used_mb":110.72,"memory_percent":1.5548},"mqtt":{"connected":true,"queued":0,"published":278,"received":13},"devices":{"0x94deb8fffe73ea79":{"messages":121,"messages_per_sec":0.0049,"leave_count":0,"network_address_changes":0},"0x94deb8fffe7981b6":{"messages":113,"messages_per_sec":0.0046,"leave_count":0,"network_address_changes":0}}}'
[2026-07-03 03:36:01] info: 	zh:ember: [NCP COUNTERS] 802,465,48,48,0,0,0,0,24,24,0,0,60,0,0,0,0,0,0,0,0,0,0,0,0,0,0,0,0,0,0,0,0,0,0,0,0,0,0,0,0,0
[2026-07-03 03:36:01] info: 	zh:ember: [ASH COUNTERS] 605,122,25,97,0,0,0,0,2175,97,97,0,0,0,0,0,0,0,0,0,0,0,0,0,0,0,0
[2026-07-03 03:36:02] info: 	z2m:mqtt: MQTT publish: topic 'zigbee2mqtt/bridge/health', payload '{"response_time":1783042562189,"os":{"load_average":[0.02,0.01,0],"memory_used_mb":1838.6,"memory_percent":25.8185},"process":{"uptime_sec":32402,"memory_used_mb":110.82,"memory_percent":1.5562},"mqtt":{"connected":true,"queued":0,"published":282,"received":13},"devices":{"0x94deb8fffe73ea79":{"messages":123,"messages_per_sec":0.0049,"leave_count":0,"network_address_changes":0},"0x94deb8fffe7981b6":{"messages":115,"messages_per_sec":0.0046,"leave_count":0,"network_address_changes":0}}}'
[2026-07-03 03:46:02] info: 	z2m:mqtt: MQTT publish: topic 'zigbee2mqtt/bridge/health', payload '{"response_time":1783043162194,"os":{"load_average":[0,0,0],"memory_used_mb":1846.46,"memory_percent":25.9289},"process":{"uptime_sec":33002,"memory_used_mb":110.74,"memory_percent":1.555},"mqtt":{"connected":true,"queued":0,"published":284,"received":13},"devices":{"0x94deb8fffe73ea79":{"messages":125,"messages_per_sec":0.0048,"leave_count":0,"network_address_changes":0},"0x94deb8fffe7981b6":{"messages":117,"messages_per_sec":0.0045,"leave_count":0,"network_address_changes":0}}}'
[2026-07-03 03:56:02] info: 	z2m:mqtt: MQTT publish: topic 'zigbee2mqtt/bridge/health', payload '{"response_time":1783043762197,"os":{"load_average":[0,0,0],"memory_used_mb":1850.72,"memory_percent":25.9887},"process":{"uptime_sec":33602,"memory_used_mb":110.99,"memory_percent":1.5586},"mqtt":{"connected":true,"queued":0,"published":286,"received":13},"devices":{"0x94deb8fffe73ea79":{"messages":127,"messages_per_sec":0.0048,"leave_count":0,"network_address_changes":0},"0x94deb8fffe7981b6":{"messages":119,"messages_per_sec":0.0045,"leave_count":0,"network_address_changes":0}}}'
